// Jest Snapshot v1, https://goo.gl/fbAQLP

exports[`matches snapshot 1`] = `
<DocumentFragment>
  <div>
    <p
      style="color: white;"
    >
      Loading Exercise...
    </p>
  </div>
</DocumentFragment>
`;
