// Jest Snapshot v1, https://goo.gl/fbAQLP

exports[`matches snapshot 1`] = `
<DocumentFragment>
  <div
    style="color: white;"
  >
    <h2>
      Login Form
    </h2>
    <form>
      <label>
        Username
      </label>
      <input
        name="username"
        value=""
      />
      <label>
        Password
      </label>
      <input
        name="password"
        value=""
      />
      <button
        type="submit"
      >
        Login!
      </button>
    </form>
  </div>
</DocumentFragment>
`;
