// Jest Snapshot v1, https://goo.gl/fbAQLP

exports[`matches snapshot 1`] = `
<DocumentFragment>
  <div
    class="Navigation"
  >
    <div
      style="display: inline-flex; margin: 0px 10px;"
    >
      <h1
        class="Headline"
      >
        TrainTime
      </h1>
      <ul>
        <li
          class="list-item"
        >
          <a
            aria-current="page"
            class="list-item active"
            href="/"
          >
            Home
          </a>
        </li>
        <div>
          <li
            class="list-item"
          >
            <a
              class=""
              href="/login"
            >
              Login
            </a>
          </li>
          <li
            class="list-item"
          >
            <a
              class=""
              href="/signup"
            >
              Signup
            </a>
          </li>
        </div>
      </ul>
    </div>
  </div>
</DocumentFragment>
`;
