// Jest Snapshot v1, https://goo.gl/fbAQLP

exports[`matches snapshot 1`] = `
<DocumentFragment>
  <div>
    <h1
      style="color: white;"
    >
      BROWSE WORKOUTS
    </h1>
    <p>
      Sorry not results found
    </p>
  </div>
</DocumentFragment>
`;
